// Jest Snapshot v1, https://goo.gl/fbAQLP

exports[`Body Tests renders correctly 1`] = `ShallowWrapper {}`;
