// Jest Snapshot v1, https://goo.gl/fbAQLP

exports[`Footer Tests renders correctly 1`] = `ShallowWrapper {}`;
