// Jest Snapshot v1, https://goo.gl/fbAQLP

exports[`Body Tests renders correctly 1`] = `
<div
  className="makeStyles-root-1"
>
  <div
    className="makeStyles-root-2"
  >
    <button
      className="MuiButtonBase-root MuiButton-root MuiButton-text makeStyles-button-5 MuiButton-textSecondary"
      disabled={false}
      onBlur={[Function]}
      onClick={[Function]}
      onDragLeave={[Function]}
      onFocus={[Function]}
      onKeyDown={[Function]}
      onKeyUp={[Function]}
      onMouseDown={[Function]}
      onMouseLeave={[Function]}
      onMouseUp={[Function]}
      onTouchEnd={[Function]}
      onTouchMove={[Function]}
      onTouchStart={[Function]}
      tabIndex={0}
      type="button"
    >
      <span
        className="MuiButton-label"
      >
        Menu
      </span>
    </button>
  </div>
</div>
`;
