// Jest Snapshot v1, https://goo.gl/fbAQLP

exports[`MainLayout Tests renders correctly 1`] = `ShallowWrapper {}`;
