// Jest Snapshot v1, https://goo.gl/fbAQLP

exports[`ProductForm Tests renders correctly 1`] = `ShallowWrapper {}`;
