// Jest Snapshot v1, https://goo.gl/fbAQLP

exports[`Menu Tests renders correctly 1`] = `ShallowWrapper {}`;
