// Jest Snapshot v1, https://goo.gl/fbAQLP

exports[`SubMenu Tests renders correctly 1`] = `ShallowWrapper {}`;
